// Jest Snapshot v1, https://goo.gl/fbAQLP

exports[`ProductCharacteristic testing should exists 1`] = `
<div
  className="sortstar"
  data-testid="sortstar"
  onClick={[Function]}
>
  <span>
    5
     Stars 
  </span>
  <div
    className="greybar"
  >
    <div
      className="greenbar"
      style={
        {
          "height": "1em",
          "width": "51.49%",
        }
      }
    />
  </div>
</div>
`;

exports[`sortStar testing should exists 1`] = `
<div
  className="sortstar"
  data-testid="sortstar"
  onClick={[Function]}
>
  <span>
    5
     Stars 
  </span>
  <div
    className="greybar"
  >
    <div
      className="greenbar"
      style={
        {
          "height": "1em",
          "width": "51.49%",
        }
      }
    />
  </div>
</div>
`;
