// Jest Snapshot v1, https://goo.gl/fbAQLP

exports[`star1 testing should exists 1`] = `
<div
  className="star-rating"
>
  <div
    className="back-stars"
  >
    <span>
      ☆
    </span>
    <span>
      ☆
    </span>
    <span>
      ☆
    </span>
    <span>
      ☆
    </span>
    <span>
      ☆
    </span>
    <div
      className="front-stars"
      style={
        {
          "width": "60%",
        }
      }
    >
      <span>
        ★
      </span>
      <span>
        ★
      </span>
      <span>
        ★
      </span>
      <span>
        ★
      </span>
      <span>
        ★
      </span>
    </div>
  </div>
</div>
`;
